// Jest Snapshot v1, https://goo.gl/fbAQLP

exports[`mutations/login should get a specific user 1`] = `"SELECT * FROM users WHERE email = 'batman@waynecorp.org'"`;

exports[`mutations/login should issue a token 1`] = `
Object {
  "email": "batman@waynecorp.org",
  "id": 3,
  "name": "Bruce Wayne",
}
`;
